// Jest Snapshot v1, https://goo.gl/fbAQLP

exports[`<CartCount /> matches snapshot 1`] = `
<CartCount__AnimationStyles>
  <TransitionGroup
    childFactory={[Function]}
    component="div"
  >
    <CSSTransition
      className="count"
      classNames="count"
      key="count"
      timeout={
        Object {
          "enter": 400,
          "exit": 400,
        }
      }
      unmountOnExit={true}
    >
      <CartCount__Count>
        2
      </CartCount__Count>
    </CSSTransition>
  </TransitionGroup>
</CartCount__AnimationStyles>
`;

exports[`<CartCount /> updates with the props 1`] = `
<CartCount__AnimationStyles>
  <TransitionGroup
    childFactory={[Function]}
    component="div"
  >
    <CSSTransition
      className="count"
      classNames="count"
      key="count"
      timeout={
        Object {
          "enter": 400,
          "exit": 400,
        }
      }
      unmountOnExit={true}
    >
      <CartCount__Count>
        2
      </CartCount__Count>
    </CSSTransition>
  </TransitionGroup>
</CartCount__AnimationStyles>
`;
