// Jest Snapshot v1, https://goo.gl/fbAQLP

exports[`<Nav /> renders a minimal Nav when signed out 1`] = `
<NavStyles>
  <ul
    className="NavStyles-sc-11c0d2g-0 kpXDuX"
  >
    <Link
      href="/allitems"
    >
      <a
        href="/allitems"
        onClick={[Function]}
      >
        Shop
      </a>
    </Link>
    <Link
      href="/signup"
    >
      <a
        href="/signup"
        onClick={[Function]}
      >
        Sign In
      </a>
    </Link>
  </ul>
</NavStyles>
`;

exports[`<Nav /> renders the amount of items in cart 1`] = `
<NavStyles>
  <ul
    className="NavStyles-sc-11c0d2g-0 kpXDuX"
  >
    <Link
      href="/allitems"
    >
      <a
        href="/allitems"
        onClick={[Function]}
      >
        Shop
      </a>
    </Link>
    <Link
      href="/sell"
    >
      <a
        href="/sell"
        onClick={[Function]}
      >
        Sell!
      </a>
    </Link>
    <Link
      href="/orders"
    >
      <a
        href="/orders"
        onClick={[Function]}
      >
        Orders
      </a>
    </Link>
    <Link
      href="/me"
    >
      <a
        href="/me"
        onClick={[Function]}
      >
        Account
      </a>
    </Link>
    <SignOut>
      <Mutation
        mutation={
          Object {
            "definitions": Array [
              Object {
                "directives": Array [],
                "kind": "OperationDefinition",
                "name": Object {
                  "kind": "Name",
                  "value": "SIGN_OUT_MUTATION",
                },
                "operation": "mutation",
                "selectionSet": Object {
                  "kind": "SelectionSet",
                  "selections": Array [
                    Object {
                      "alias": undefined,
                      "arguments": Array [],
                      "directives": Array [],
                      "kind": "Field",
                      "name": Object {
                        "kind": "Name",
                        "value": "signOut",
                      },
                      "selectionSet": Object {
                        "kind": "SelectionSet",
                        "selections": Array [
                          Object {
                            "alias": undefined,
                            "arguments": Array [],
                            "directives": Array [],
                            "kind": "Field",
                            "name": Object {
                              "kind": "Name",
                              "value": "message",
                            },
                            "selectionSet": undefined,
                          },
                        ],
                      },
                    },
                  ],
                },
                "variableDefinitions": Array [],
              },
            ],
            "kind": "Document",
            "loc": Object {
              "end": 70,
              "start": 0,
            },
          }
        }
        refetchQueries={
          Array [
            Object {
              "query": Object {
                "definitions": Array [
                  Object {
                    "directives": Array [],
                    "kind": "OperationDefinition",
                    "name": Object {
                      "kind": "Name",
                      "value": "CURRENT_USER_QUERY",
                    },
                    "operation": "query",
                    "selectionSet": Object {
                      "kind": "SelectionSet",
                      "selections": Array [
                        Object {
                          "alias": undefined,
                          "arguments": Array [],
                          "directives": Array [],
                          "kind": "Field",
                          "name": Object {
                            "kind": "Name",
                            "value": "me",
                          },
                          "selectionSet": Object {
                            "kind": "SelectionSet",
                            "selections": Array [
                              Object {
                                "alias": undefined,
                                "arguments": Array [],
                                "directives": Array [],
                                "kind": "Field",
                                "name": Object {
                                  "kind": "Name",
                                  "value": "id",
                                },
                                "selectionSet": undefined,
                              },
                              Object {
                                "alias": undefined,
                                "arguments": Array [],
                                "directives": Array [],
                                "kind": "Field",
                                "name": Object {
                                  "kind": "Name",
                                  "value": "email",
                                },
                                "selectionSet": undefined,
                              },
                              Object {
                                "alias": undefined,
                                "arguments": Array [],
                                "directives": Array [],
                                "kind": "Field",
                                "name": Object {
                                  "kind": "Name",
                                  "value": "name",
                                },
                                "selectionSet": undefined,
                              },
                              Object {
                                "alias": undefined,
                                "arguments": Array [],
                                "directives": Array [],
                                "kind": "Field",
                                "name": Object {
                                  "kind": "Name",
                                  "value": "permissions",
                                },
                                "selectionSet": undefined,
                              },
                              Object {
                                "alias": undefined,
                                "arguments": Array [],
                                "directives": Array [],
                                "kind": "Field",
                                "name": Object {
                                  "kind": "Name",
                                  "value": "orders",
                                },
                                "selectionSet": undefined,
                              },
                              Object {
                                "alias": undefined,
                                "arguments": Array [],
                                "directives": Array [],
                                "kind": "Field",
                                "name": Object {
                                  "kind": "Name",
                                  "value": "cart",
                                },
                                "selectionSet": Object {
                                  "kind": "SelectionSet",
                                  "selections": Array [
                                    Object {
                                      "alias": undefined,
                                      "arguments": Array [],
                                      "directives": Array [],
                                      "kind": "Field",
                                      "name": Object {
                                        "kind": "Name",
                                        "value": "id",
                                      },
                                      "selectionSet": undefined,
                                    },
                                    Object {
                                      "alias": undefined,
                                      "arguments": Array [],
                                      "directives": Array [],
                                      "kind": "Field",
                                      "name": Object {
                                        "kind": "Name",
                                        "value": "quantity",
                                      },
                                      "selectionSet": undefined,
                                    },
                                    Object {
                                      "alias": undefined,
                                      "arguments": Array [],
                                      "directives": Array [],
                                      "kind": "Field",
                                      "name": Object {
                                        "kind": "Name",
                                        "value": "item",
                                      },
                                      "selectionSet": Object {
                                        "kind": "SelectionSet",
                                        "selections": Array [
                                          Object {
                                            "alias": undefined,
                                            "arguments": Array [],
                                            "directives": Array [],
                                            "kind": "Field",
                                            "name": Object {
                                              "kind": "Name",
                                              "value": "id",
                                            },
                                            "selectionSet": undefined,
                                          },
                                          Object {
                                            "alias": undefined,
                                            "arguments": Array [],
                                            "directives": Array [],
                                            "kind": "Field",
                                            "name": Object {
                                              "kind": "Name",
                                              "value": "price",
                                            },
                                            "selectionSet": undefined,
                                          },
                                          Object {
                                            "alias": undefined,
                                            "arguments": Array [],
                                            "directives": Array [],
                                            "kind": "Field",
                                            "name": Object {
                                              "kind": "Name",
                                              "value": "description",
                                            },
                                            "selectionSet": undefined,
                                          },
                                          Object {
                                            "alias": undefined,
                                            "arguments": Array [],
                                            "directives": Array [],
                                            "kind": "Field",
                                            "name": Object {
                                              "kind": "Name",
                                              "value": "image",
                                            },
                                            "selectionSet": undefined,
                                          },
                                          Object {
                                            "alias": undefined,
                                            "arguments": Array [],
                                            "directives": Array [],
                                            "kind": "Field",
                                            "name": Object {
                                              "kind": "Name",
                                              "value": "title",
                                            },
                                            "selectionSet": undefined,
                                          },
                                        ],
                                      },
                                    },
                                  ],
                                },
                              },
                            ],
                          },
                        },
                      ],
                    },
                    "variableDefinitions": Array [],
                  },
                ],
                "kind": "Document",
                "loc": Object {
                  "end": 270,
                  "start": 0,
                },
              },
            },
          ]
        }
      >
        <button
          onClick={[Function]}
        >
          Sign Out
        </button>
      </Mutation>
    </SignOut>
    <button
      onClick={[Function]}
    >
      My Cart
      <CartCount
        count={0}
      >
        <CartCount__AnimationStyles>
          <span
            className="CartCount__AnimationStyles-xxvp4g-1 ixnfFd"
          >
            <TransitionGroup
              childFactory={[Function]}
              component="div"
            >
              <div>
                <CSSTransition
                  className="count"
                  classNames="count"
                  in={true}
                  key=".$count"
                  onExited={[Function]}
                  timeout={
                    Object {
                      "enter": 400,
                      "exit": 400,
                    }
                  }
                  unmountOnExit={true}
                >
                  <Transition
                    appear={false}
                    className="count"
                    enter={true}
                    exit={true}
                    in={true}
                    mountOnEnter={false}
                    onEnter={[Function]}
                    onEntered={[Function]}
                    onEntering={[Function]}
                    onExit={[Function]}
                    onExited={[Function]}
                    onExiting={[Function]}
                    timeout={
                      Object {
                        "enter": 400,
                        "exit": 400,
                      }
                    }
                    unmountOnExit={true}
                  >
                    <CartCount__Count
                      className="count"
                    >
                      <div
                        className="count CartCount__Count-xxvp4g-0 lkiIUU"
                      >
                        0
                      </div>
                    </CartCount__Count>
                  </Transition>
                </CSSTransition>
              </div>
            </TransitionGroup>
          </span>
        </CartCount__AnimationStyles>
      </CartCount>
    </button>
  </ul>
</NavStyles>
`;

exports[`<Nav /> renders the full Nav to logged in users 1`] = `
<NavStyles>
  <ul
    className="NavStyles-sc-11c0d2g-0 kpXDuX"
  >
    <Link
      href="/allitems"
    >
      <a
        href="/allitems"
        onClick={[Function]}
      >
        Shop
      </a>
    </Link>
    <Link
      href="/sell"
    >
      <a
        href="/sell"
        onClick={[Function]}
      >
        Sell!
      </a>
    </Link>
    <Link
      href="/orders"
    >
      <a
        href="/orders"
        onClick={[Function]}
      >
        Orders
      </a>
    </Link>
    <Link
      href="/me"
    >
      <a
        href="/me"
        onClick={[Function]}
      >
        Account
      </a>
    </Link>
    <SignOut>
      <Mutation
        mutation={
          Object {
            "definitions": Array [
              Object {
                "directives": Array [],
                "kind": "OperationDefinition",
                "name": Object {
                  "kind": "Name",
                  "value": "SIGN_OUT_MUTATION",
                },
                "operation": "mutation",
                "selectionSet": Object {
                  "kind": "SelectionSet",
                  "selections": Array [
                    Object {
                      "alias": undefined,
                      "arguments": Array [],
                      "directives": Array [],
                      "kind": "Field",
                      "name": Object {
                        "kind": "Name",
                        "value": "signOut",
                      },
                      "selectionSet": Object {
                        "kind": "SelectionSet",
                        "selections": Array [
                          Object {
                            "alias": undefined,
                            "arguments": Array [],
                            "directives": Array [],
                            "kind": "Field",
                            "name": Object {
                              "kind": "Name",
                              "value": "message",
                            },
                            "selectionSet": undefined,
                          },
                        ],
                      },
                    },
                  ],
                },
                "variableDefinitions": Array [],
              },
            ],
            "kind": "Document",
            "loc": Object {
              "end": 70,
              "start": 0,
            },
          }
        }
        refetchQueries={
          Array [
            Object {
              "query": Object {
                "definitions": Array [
                  Object {
                    "directives": Array [],
                    "kind": "OperationDefinition",
                    "name": Object {
                      "kind": "Name",
                      "value": "CURRENT_USER_QUERY",
                    },
                    "operation": "query",
                    "selectionSet": Object {
                      "kind": "SelectionSet",
                      "selections": Array [
                        Object {
                          "alias": undefined,
                          "arguments": Array [],
                          "directives": Array [],
                          "kind": "Field",
                          "name": Object {
                            "kind": "Name",
                            "value": "me",
                          },
                          "selectionSet": Object {
                            "kind": "SelectionSet",
                            "selections": Array [
                              Object {
                                "alias": undefined,
                                "arguments": Array [],
                                "directives": Array [],
                                "kind": "Field",
                                "name": Object {
                                  "kind": "Name",
                                  "value": "id",
                                },
                                "selectionSet": undefined,
                              },
                              Object {
                                "alias": undefined,
                                "arguments": Array [],
                                "directives": Array [],
                                "kind": "Field",
                                "name": Object {
                                  "kind": "Name",
                                  "value": "email",
                                },
                                "selectionSet": undefined,
                              },
                              Object {
                                "alias": undefined,
                                "arguments": Array [],
                                "directives": Array [],
                                "kind": "Field",
                                "name": Object {
                                  "kind": "Name",
                                  "value": "name",
                                },
                                "selectionSet": undefined,
                              },
                              Object {
                                "alias": undefined,
                                "arguments": Array [],
                                "directives": Array [],
                                "kind": "Field",
                                "name": Object {
                                  "kind": "Name",
                                  "value": "permissions",
                                },
                                "selectionSet": undefined,
                              },
                              Object {
                                "alias": undefined,
                                "arguments": Array [],
                                "directives": Array [],
                                "kind": "Field",
                                "name": Object {
                                  "kind": "Name",
                                  "value": "orders",
                                },
                                "selectionSet": undefined,
                              },
                              Object {
                                "alias": undefined,
                                "arguments": Array [],
                                "directives": Array [],
                                "kind": "Field",
                                "name": Object {
                                  "kind": "Name",
                                  "value": "cart",
                                },
                                "selectionSet": Object {
                                  "kind": "SelectionSet",
                                  "selections": Array [
                                    Object {
                                      "alias": undefined,
                                      "arguments": Array [],
                                      "directives": Array [],
                                      "kind": "Field",
                                      "name": Object {
                                        "kind": "Name",
                                        "value": "id",
                                      },
                                      "selectionSet": undefined,
                                    },
                                    Object {
                                      "alias": undefined,
                                      "arguments": Array [],
                                      "directives": Array [],
                                      "kind": "Field",
                                      "name": Object {
                                        "kind": "Name",
                                        "value": "quantity",
                                      },
                                      "selectionSet": undefined,
                                    },
                                    Object {
                                      "alias": undefined,
                                      "arguments": Array [],
                                      "directives": Array [],
                                      "kind": "Field",
                                      "name": Object {
                                        "kind": "Name",
                                        "value": "item",
                                      },
                                      "selectionSet": Object {
                                        "kind": "SelectionSet",
                                        "selections": Array [
                                          Object {
                                            "alias": undefined,
                                            "arguments": Array [],
                                            "directives": Array [],
                                            "kind": "Field",
                                            "name": Object {
                                              "kind": "Name",
                                              "value": "id",
                                            },
                                            "selectionSet": undefined,
                                          },
                                          Object {
                                            "alias": undefined,
                                            "arguments": Array [],
                                            "directives": Array [],
                                            "kind": "Field",
                                            "name": Object {
                                              "kind": "Name",
                                              "value": "price",
                                            },
                                            "selectionSet": undefined,
                                          },
                                          Object {
                                            "alias": undefined,
                                            "arguments": Array [],
                                            "directives": Array [],
                                            "kind": "Field",
                                            "name": Object {
                                              "kind": "Name",
                                              "value": "description",
                                            },
                                            "selectionSet": undefined,
                                          },
                                          Object {
                                            "alias": undefined,
                                            "arguments": Array [],
                                            "directives": Array [],
                                            "kind": "Field",
                                            "name": Object {
                                              "kind": "Name",
                                              "value": "image",
                                            },
                                            "selectionSet": undefined,
                                          },
                                          Object {
                                            "alias": undefined,
                                            "arguments": Array [],
                                            "directives": Array [],
                                            "kind": "Field",
                                            "name": Object {
                                              "kind": "Name",
                                              "value": "title",
                                            },
                                            "selectionSet": undefined,
                                          },
                                        ],
                                      },
                                    },
                                  ],
                                },
                              },
                            ],
                          },
                        },
                      ],
                    },
                    "variableDefinitions": Array [],
                  },
                ],
                "kind": "Document",
                "loc": Object {
                  "end": 270,
                  "start": 0,
                },
              },
            },
          ]
        }
      >
        <button
          onClick={[Function]}
        >
          Sign Out
        </button>
      </Mutation>
    </SignOut>
    <button
      onClick={[Function]}
    >
      My Cart
      <CartCount
        count={0}
      >
        <CartCount__AnimationStyles>
          <span
            className="CartCount__AnimationStyles-xxvp4g-1 ixnfFd"
          >
            <TransitionGroup
              childFactory={[Function]}
              component="div"
            >
              <div>
                <CSSTransition
                  className="count"
                  classNames="count"
                  in={true}
                  key=".$count"
                  onExited={[Function]}
                  timeout={
                    Object {
                      "enter": 400,
                      "exit": 400,
                    }
                  }
                  unmountOnExit={true}
                >
                  <Transition
                    appear={false}
                    className="count"
                    enter={true}
                    exit={true}
                    in={true}
                    mountOnEnter={false}
                    onEnter={[Function]}
                    onEntered={[Function]}
                    onEntering={[Function]}
                    onExit={[Function]}
                    onExited={[Function]}
                    onExiting={[Function]}
                    timeout={
                      Object {
                        "enter": 400,
                        "exit": 400,
                      }
                    }
                    unmountOnExit={true}
                  >
                    <CartCount__Count
                      className="count"
                    >
                      <div
                        className="count CartCount__Count-xxvp4g-0 lkiIUU"
                      >
                        0
                      </div>
                    </CartCount__Count>
                  </Transition>
                </CSSTransition>
              </div>
            </TransitionGroup>
          </span>
        </CartCount__AnimationStyles>
      </CartCount>
    </button>
  </ul>
</NavStyles>
`;
